// Jest Snapshot v1, https://goo.gl/fbAQLP

exports[`calculator component renders correctly 1`] = `
<div
  className="calc-cont"
>
  <h2>
    Let's do some math!
  </h2>
  <div
    className="calculator"
  >
    <input
      className="input-area"
      disabled={true}
      value={0}
    />
    <div
      className="row-one"
    >
      <button
        className="col-one"
        onClick={[Function]}
        type="button"
        value="clear-all"
      >
        AC
      </button>
      <button
        className="col-one"
        onClick={[Function]}
        type="button"
        value="plus-minus"
      >
        +/-
      </button>
      <button
        className="col-one"
        onClick={[Function]}
        type="button"
        value="modulus"
      >
        %
      </button>
      <button
        className="col-one orange"
        onClick={[Function]}
        type="button"
        value="divide"
      >
        รท
      </button>
    </div>
    <div
      className="row-two"
    >
      <button
        className="col-two"
        onClick={[Function]}
        type="button"
        value="7"
      >
        7
      </button>
      <button
        className="col-two"
        onClick={[Function]}
        type="button"
        value="8"
      >
        8
      </button>
      <button
        className="col-two"
        onClick={[Function]}
        type="button"
        value="9"
      >
        9
      </button>
      <button
        className="col-two orange"
        onClick={[Function]}
        type="button"
        value="*"
      >
        x
      </button>
    </div>
    <div
      className="row-three"
    >
      <button
        className="col-three"
        onClick={[Function]}
        type="button"
        value="4"
      >
        4
      </button>
      <button
        className="col-three"
        onClick={[Function]}
        type="button"
        value="5"
      >
        5
      </button>
      <button
        className="col-three"
        onClick={[Function]}
        type="button"
        value="6"
      >
        6
      </button>
      <button
        className="col-three orange"
        onClick={[Function]}
        type="button"
        value="minus"
      >
        -
      </button>
    </div>
    <div
      className="row-four"
    >
      <button
        className="col-four"
        onClick={[Function]}
        type="button"
        value="1"
      >
        1
      </button>
      <button
        className="col-four"
        onClick={[Function]}
        type="button"
        value="2"
      >
        2
      </button>
      <button
        className="col-four"
        onClick={[Function]}
        type="button"
        value="3"
      >
        3
      </button>
      <button
        className="col-four orange"
        onClick={[Function]}
        type="button"
        value="minus"
      >
        +
      </button>
    </div>
    <div
      className="row-five"
    >
      <button
        className="col-five zero"
        onClick={[Function]}
        type="button"
        value="0"
      >
        0
      </button>
      <button
        className="col-five"
        onClick={[Function]}
        type="button"
        value="."
      >
        .
      </button>
      <button
        className="col-five orange"
        onClick={[Function]}
        type="button"
        value="equal-to"
      >
        =
      </button>
    </div>
  </div>
</div>
`;
